    Checking shared v0.1.0 (/tmp/pi-agent-aa9c0659-5395-42e-dfc85209/rust/shared)
       Fixed shared/src/lib.rs (1 fix)
       Fixed shared/src/openapi.rs (3 fixes)
       Fixed shared/src/metrics.rs (1 fix)
       Fixed shared/src/telemetry.rs (2 fixes)
       Fixed shared/src/config.rs (7 fixes)
warning: possible broken doc link: broken across multiple lines
   --> shared/src/config.rs:227:43
    |
227 |     /// `on`). When false the reaper uses [`NoopOffload`](../../broker/reaper
    |                                           ^^^^^^^^^^^^^^^^^^^^^^^^^^^^^^^^^^^
    |
    = help: for further information visit https://rust-lang.github.io/rust-clippy/rust-1.97.0/index.html#doc_broken_link
    = note: `-W clippy::doc-broken-link` implied by `-W clippy::pedantic`
    = help: to override `-W clippy::pedantic` add `#[allow(clippy::doc_broken_link)]`

warning: docs for function returning `Result` missing `# Errors` section
   --> shared/src/config.rs:398:5
    |
398 |     pub fn from_env() -> Result<Self, ConfigError> {
    |     ^^^^^^^^^^^^^^^^^^^^^^^^^^^^^^^^^^^^^^^^^^^^^^
    |
    = help: for further information visit https://rust-lang.github.io/rust-clippy/rust-1.97.0/index.html#missing_errors_doc
    = note: `-W clippy::missing-errors-doc` implied by `-W clippy::pedantic`
    = help: to override `-W clippy::pedantic` add `#[allow(clippy::missing_errors_doc)]`

warning: this `map_or` can be simplified
   --> shared/src/config.rs:446:33
    |
446 |               rate_limit_enabled: get("BROKER_RATE_LIMIT_ENABLED")
    |  _________________________________^
447 | |                 .map_or(true, |raw| parse_bool(&raw)),
    | |_____________________________________________________^
    |
    = help: for further information visit https://rust-lang.github.io/rust-clippy/rust-1.97.0/index.html#unnecessary_map_or
    = note: `#[warn(clippy::unnecessary_map_or)]` on by default
help: use `is_none_or` instead
    |
447 -                 .map_or(true, |raw| parse_bool(&raw)),
447 +                 .is_none_or(|raw| parse_bool(&raw)),
    |

warning: this `map_or` can be simplified
   --> shared/src/config.rs:467:28
    |
467 |               s3_path_style: get("BROKER_S3_PATH_STYLE")
    |  ____________________________^
468 | |                 .map_or(true, |raw| parse_bool(&raw)),
    | |_____________________________________________________^
    |
    = help: for further information visit https://rust-lang.github.io/rust-clippy/rust-1.97.0/index.html#unnecessary_map_or
help: use `is_none_or` instead
    |
468 -                 .map_or(true, |raw| parse_bool(&raw)),
468 +                 .is_none_or(|raw| parse_bool(&raw)),
    |

warning: docs for function which may panic missing `# Panics` section
  --> shared/src/metrics.rs:44:1
   |
44 | pub fn install() -> PrometheusHandle {
   | ^^^^^^^^^^^^^^^^^^^^^^^^^^^^^^^^^^^^
   |
note: first possible panic found here
  --> shared/src/metrics.rs:47:13
   |
47 | /             PrometheusBuilder::new()
48 | |                 .set_buckets(DEFAULT_HTTP_BUCKETS)
49 | |                 .expect("default histogram buckets are finite + sorted")
50 | |                 .install_recorder()
51 | |                 .expect("install Prometheus exporter recorder")
   | |_______________________________________________________________^
   = help: for further information visit https://rust-lang.github.io/rust-clippy/rust-1.97.0/index.html#missing_panics_doc
   = note: `-W clippy::missing-panics-doc` implied by `-W clippy::pedantic`
   = help: to override `-W clippy::pedantic` add `#[allow(clippy::missing_panics_doc)]`

warning: `shared` (lib) generated 5 warnings (run `cargo clippy --fix --lib -p shared -- --no-deps` to apply 2 suggestions)
    Checking runtime v0.1.0 (/tmp/pi-agent-aa9c0659-5395-42e-dfc85209/rust/runtime)
       Fixed shared/src/config.rs (2 fixes)
warning: `shared` (lib test) generated 3 warnings (3 duplicates)
       Fixed runtime/src/snapshot.rs (1 fix)
       Fixed runtime/src/openapi.rs (3 fixes)
       Fixed runtime/src/files/io.rs (3 fixes)
       Fixed runtime/src/files/search.rs (4 fixes)
       Fixed runtime/src/terminals.rs (8 fixes)
       Fixed runtime/src/files/mod.rs (1 fix)
       Fixed runtime/src/safe_path.rs (1 fix)
       Fixed runtime/src/files/archive.rs (2 fixes)
       Fixed runtime/src/config.rs (1 fix)
       Fixed runtime/src/execute.rs (1 fix)
warning: 5 bindings with single-character names in scope
   --> runtime/src/files/search.rs:261:9
    |
261 |     let n = chars.len();
    |         ^
262 |     let mut i = 0usize;
    |             ^
...
265 |         let c = chars[i];
    |             ^
...
271 |                 let mut j = i;
    |                         ^
...
286 |                     let mut s = String::new();
    |                             ^
    |
    = help: for further information visit https://rust-lang.github.io/rust-clippy/rust-1.97.0/index.html#many_single_char_names
    = note: `-W clippy::many-single-char-names` implied by `-W clippy::pedantic`
    = help: to override `-W clippy::pedantic` add `#[allow(clippy::many_single_char_names)]`

warning: docs for function which may panic missing `# Panics` section
   --> runtime/src/auth.rs:103:5
    |
103 |     pub fn load(&self) -> String {
    |     ^^^^^^^^^^^^^^^^^^^^^^^^^^^^
    |
note: first possible panic found here
   --> runtime/src/auth.rs:104:25
    |
104 |         let mut cache = self.cache.lock().expect("key cache mutex poisoned");
    |                         ^^^^^^^^^^^^^^^^^^^^^^^^^^^^^^^^^^^^^^^^^^^^^^^^^^^^
    = help: for further information visit https://rust-lang.github.io/rust-clippy/rust-1.97.0/index.html#missing_panics_doc
    = note: `-W clippy::missing-panics-doc` implied by `-W clippy::pedantic`
    = help: to override `-W clippy::pedantic` add `#[allow(clippy::missing_panics_doc)]`

warning: docs for function which may panic missing `# Panics` section
   --> runtime/src/auth.rs:126:5
    |
126 |     pub fn invalidate(&self) {
    |     ^^^^^^^^^^^^^^^^^^^^^^^^
    |
note: first possible panic found here
   --> runtime/src/auth.rs:127:25
    |
127 |         let mut cache = self.cache.lock().expect("key cache mutex poisoned");
    |                         ^^^^^^^^^^^^^^^^^^^^^^^^^^^^^^^^^^^^^^^^^^^^^^^^^^^^
    = help: for further information visit https://rust-lang.github.io/rust-clippy/rust-1.97.0/index.html#missing_panics_doc

warning: docs for function returning `Result` missing `# Errors` section
   --> runtime/src/auth.rs:132:5
    |
132 |     pub fn validate(&self) -> Result<(), BootError> {
    |     ^^^^^^^^^^^^^^^^^^^^^^^^^^^^^^^^^^^^^^^^^^^^^^^
    |
    = help: for further information visit https://rust-lang.github.io/rust-clippy/rust-1.97.0/index.html#missing_errors_doc
    = note: `-W clippy::missing-errors-doc` implied by `-W clippy::pedantic`
    = help: to override `-W clippy::pedantic` add `#[allow(clippy::missing_errors_doc)]`

warning: docs for function returning `Result` missing `# Errors` section
  --> runtime/src/execute.rs:79:1
   |
79 | / pub async fn execute(
80 | |     _auth: Authed,
81 | |     State(state): State<AppState>,
82 | |     headers: HeaderMap,
83 | |     Json(req): Json<ExecuteRequest>,
84 | | ) -> Result<Json<ExecuteResponse>, ApiError> {
   | |____________________________________________^
   |
   = help: for further information visit https://rust-lang.github.io/rust-clippy/rust-1.97.0/index.html#missing_errors_doc

warning: casting `u32` to `i32` may wrap around the value
   --> runtime/src/execute.rs:141:15
    |
141 |     let pid = child.id().unwrap_or(0) as i32;
    |               ^^^^^^^^^^^^^^^^^^^^^^^^^^^^^^ help: if this is intentional, use `cast_signed()` instead: `child.id().unwrap_or(0).cast_signed()`
    |
    = help: for further information visit https://rust-lang.github.io/rust-clippy/rust-1.97.0/index.html#cast_possible_wrap
    = note: `-W clippy::cast-possible-wrap` implied by `-W clippy::pedantic`
    = help: to override `-W clippy::pedantic` add `#[allow(clippy::cast_possible_wrap)]`

warning: docs for function returning `Result` missing `# Errors` section
  --> runtime/src/files/archive.rs:81:1
   |
81 | / pub async fn upload(
82 | |     _auth: Authed,
83 | |     State(state): State<AppState>,
84 | |     headers: HeaderMap,
85 | |     Query(q): Query<UploadQuery>,
86 | |     mut multipart: Multipart,
87 | | ) -> Result<Json<serde_json::Value>, ApiError> {
   | |______________________________________________^
   |
   = help: for further information visit https://rust-lang.github.io/rust-clippy/rust-1.97.0/index.html#missing_errors_doc

warning: docs for function returning `Result` missing `# Errors` section
   --> runtime/src/files/archive.rs:145:1
    |
145 | / pub async fn tool_upload(
146 | |     _auth: Authed,
147 | |     State(state): State<AppState>,
148 | |     headers: HeaderMap,
149 | |     mut multipart: Multipart,
150 | | ) -> Result<Json<serde_json::Value>, ApiError> {
    | |______________________________________________^
    |
    = help: for further information visit https://rust-lang.github.io/rust-clippy/rust-1.97.0/index.html#missing_errors_doc

warning: docs for function which may panic missing `# Panics` section
   --> runtime/src/files/archive.rs:204:1
    |
204 | / pub async fn archive(
205 | |     _auth: Authed,
206 | |     State(state): State<AppState>,
207 | |     headers: HeaderMap,
208 | |     Json(req): Json<ArchiveRequest>,
209 | | ) -> Result<Response, ApiError> {
    | |_______________________________^
    |
note: first possible panic found here
   --> runtime/src/files/archive.rs:244:9
    |
244 |         "application/zip".parse().expect("static header"),
    |         ^^^^^^^^^^^^^^^^^^^^^^^^^^^^^^^^^^^^^^^^^^^^^^^^^
    = help: for further information visit https://rust-lang.github.io/rust-clippy/rust-1.97.0/index.html#missing_panics_doc

warning: docs for function returning `Result` missing `# Errors` section
   --> runtime/src/files/archive.rs:204:1
    |
204 | / pub async fn archive(
205 | |     _auth: Authed,
206 | |     State(state): State<AppState>,
207 | |     headers: HeaderMap,
208 | |     Json(req): Json<ArchiveRequest>,
209 | | ) -> Result<Response, ApiError> {
    | |_______________________________^
    |
    = help: for further information visit https://rust-lang.github.io/rust-clippy/rust-1.97.0/index.html#missing_errors_doc

warning: docs for function returning `Result` missing `# Errors` section
  --> runtime/src/files/io.rs:45:1
   |
45 | / pub async fn get_cwd(
46 | |     _auth: Authed,
47 | |     State(state): State<AppState>,
48 | |     headers: HeaderMap,
49 | | ) -> Result<Json<serde_json::Value>, ApiError> {
   | |______________________________________________^
   |
   = help: for further information visit https://rust-lang.github.io/rust-clippy/rust-1.97.0/index.html#missing_errors_doc

warning: docs for function returning `Result` missing `# Errors` section
  --> runtime/src/files/io.rs:75:1
   |
75 | / pub async fn set_cwd(
76 | |     _auth: Authed,
77 | |     State(state): State<AppState>,
78 | |     headers: HeaderMap,
79 | |     Json(req): Json<CwdRequest>,
80 | | ) -> Result<Json<serde_json::Value>, ApiError> {
   | |______________________________________________^
   |
   = help: for further information visit https://rust-lang.github.io/rust-clippy/rust-1.97.0/index.html#missing_errors_doc

warning: docs for function returning `Result` missing `# Errors` section
   --> runtime/src/files/io.rs:110:1
    |
110 | / pub async fn list_dir(
111 | |     _auth: Authed,
112 | |     State(state): State<AppState>,
113 | |     headers: HeaderMap,
114 | |     Query(q): Query<ListQuery>,
115 | | ) -> Result<Json<ListResponse>, ApiError> {
    | |_________________________________________^
    |
    = help: for further information visit https://rust-lang.github.io/rust-clippy/rust-1.97.0/index.html#missing_errors_doc

warning: docs for function returning `Result` missing `# Errors` section
   --> runtime/src/files/io.rs:191:1
    |
191 | / pub async fn read_file(
192 | |     _auth: Authed,
193 | |     State(state): State<AppState>,
194 | |     headers: HeaderMap,
195 | |     Query(q): Query<PathQuery>,
196 | | ) -> Result<Response, ApiError> {
    | |_______________________________^
    |
    = help: for further information visit https://rust-lang.github.io/rust-clippy/rust-1.97.0/index.html#missing_errors_doc

warning: docs for function returning `Result` missing `# Errors` section
   --> runtime/src/files/io.rs:254:1
    |
254 | / pub async fn write_file(
255 | |     _auth: Authed,
256 | |     State(state): State<AppState>,
257 | |     headers: HeaderMap,
258 | |     Json(req): Json<WriteRequest>,
259 | | ) -> Result<Json<serde_json::Value>, ApiError> {
    | |______________________________________________^
    |
    = help: for further information visit https://rust-lang.github.io/rust-clippy/rust-1.97.0/index.html#missing_errors_doc

warning: docs for function returning `Result` missing `# Errors` section
   --> runtime/src/files/io.rs:302:1
    |
302 | / pub async fn mkdir(
303 | |     _auth: Authed,
304 | |     State(state): State<AppState>,
305 | |     headers: HeaderMap,
306 | |     Json(req): Json<PathBody>,
307 | | ) -> Result<Json<serde_json::Value>, ApiError> {
    | |______________________________________________^
    |
    = help: for further information visit https://rust-lang.github.io/rust-clippy/rust-1.97.0/index.html#missing_errors_doc

warning: docs for function returning `Result` missing `# Errors` section
   --> runtime/src/files/io.rs:341:1
    |
341 | / pub async fn move_entry(
342 | |     _auth: Authed,
343 | |     State(state): State<AppState>,
344 | |     headers: HeaderMap,
345 | |     Json(req): Json<MoveRequest>,
346 | | ) -> Result<Json<serde_json::Value>, ApiError> {
    | |______________________________________________^
    |
    = help: for further information visit https://rust-lang.github.io/rust-clippy/rust-1.97.0/index.html#missing_errors_doc

warning: docs for function returning `Result` missing `# Errors` section
   --> runtime/src/files/io.rs:377:1
    |
377 | / pub async fn delete_entry(
378 | |     _auth: Authed,
379 | |     State(state): State<AppState>,
380 | |     headers: HeaderMap,
381 | |     Query(q): Query<PathQuery>,
382 | | ) -> Result<Json<serde_json::Value>, ApiError> {
    | |______________________________________________^
    |
    = help: for further information visit https://rust-lang.github.io/rust-clippy/rust-1.97.0/index.html#missing_errors_doc

warning: this could be rewritten as `let...else`
   --> runtime/src/files/io.rs:385:5
    |
385 | /     let meta = match std::fs::symlink_metadata(&full) {
386 | |         Ok(m) => m,
387 | |         Err(_) => return Err(ApiError::NotFound("Path not found".to_string())),
388 | |     };
    | |______^ help: consider writing: `let Ok(meta) = std::fs::symlink_metadata(&full) else { return Err(ApiError::NotFound("Path not found".to_string())) };`
    |
    = help: for further information visit https://rust-lang.github.io/rust-clippy/rust-1.97.0/index.html#manual_let_else
    = note: `-W clippy::manual-let-else` implied by `-W clippy::pedantic`
    = help: to override `-W clippy::pedantic` add `#[allow(clippy::manual_let_else)]`

warning: docs for function returning `Result` missing `# Errors` section
   --> runtime/src/files/io.rs:423:1
    |
423 | / pub async fn view_file(
424 | |     _auth: Authed,
425 | |     State(state): State<AppState>,
426 | |     headers: HeaderMap,
427 | |     Query(q): Query<PathQuery>,
428 | | ) -> Result<Response, ApiError> {
    | |_______________________________^
    |
    = help: for further information visit https://rust-lang.github.io/rust-clippy/rust-1.97.0/index.html#missing_errors_doc

warning: docs for function returning `Result` missing `# Errors` section
   --> runtime/src/files/io.rs:468:1
    |
468 | / pub async fn replace(
469 | |     _auth: Authed,
470 | |     State(state): State<AppState>,
471 | |     headers: HeaderMap,
472 | |     Json(req): Json<ReplaceRequest>,
473 | | ) -> Result<Json<serde_json::Value>, ApiError> {
    | |______________________________________________^
    |
    = help: for further information visit https://rust-lang.github.io/rust-clippy/rust-1.97.0/index.html#missing_errors_doc

warning: docs for function returning `Result` missing `# Errors` section
  --> runtime/src/files/search.rs:40:1
   |
40 | / pub async fn grep(
41 | |     _auth: Authed,
42 | |     State(state): State<AppState>,
43 | |     headers: HeaderMap,
44 | |     Query(q): Query<GrepQuery>,
45 | | ) -> Result<Json<serde_json::Value>, ApiError> {
   | |______________________________________________^
   |
   = help: for further information visit https://rust-lang.github.io/rust-clippy/rust-1.97.0/index.html#missing_errors_doc

warning: docs for function returning `Result` missing `# Errors` section
   --> runtime/src/files/search.rs:162:1
    |
162 | / pub async fn glob_search(
163 | |     _auth: Authed,
164 | |     State(state): State<AppState>,
165 | |     headers: HeaderMap,
166 | |     Query(q): Query<GlobQuery>,
167 | | ) -> Result<Json<serde_json::Value>, ApiError> {
    | |______________________________________________^
    |
    = help: for further information visit https://rust-lang.github.io/rust-clippy/rust-1.97.0/index.html#missing_errors_doc

warning: this function's return value is unnecessarily wrapped by `Option`
   --> runtime/src/files/search.rs:259:1
    |
259 | fn fnmatch_translate(pat: &str) -> Option<String> {
    | ^^^^^^^^^^^^^^^^^^^^^^^^^^^^^^^^^^^^^^^^^^^^^^^^^
    |
    = help: for further information visit https://rust-lang.github.io/rust-clippy/rust-1.97.0/index.html#unnecessary_wraps
    = note: `-W clippy::unnecessary-wraps` implied by `-W clippy::pedantic`
    = help: to override `-W clippy::pedantic` add `#[allow(clippy::unnecessary_wraps)]`
help: remove `Option` from the return type...
    |
259 - fn fnmatch_translate(pat: &str) -> Option<String> {
259 + fn fnmatch_translate(pat: &str) -> std::string::String {
    |
help: ...and then remove the surrounding `Some()` from returning expressions
    |
317 -     Some(format!("^{res}$"))
317 +     format!("^{res}$")
    |

warning: docs for function returning `Result` missing `# Errors` section
  --> runtime/src/files/tools.rs:48:1
   |
48 | / pub async fn tool_download(
49 | |     _auth: Authed,
50 | |     State(state): State<AppState>,
51 | |     headers: HeaderMap,
52 | |     axum::extract::Path(file_path): axum::extract::Path<String>,
53 | | ) -> Result<Response, ApiError> {
   | |_______________________________^
   |
   = help: for further information visit https://rust-lang.github.io/rust-clippy/rust-1.97.0/index.html#missing_errors_doc

warning: docs for function returning `Result` missing `# Errors` section
  --> runtime/src/files/tools.rs:78:1
   |
78 | / pub async fn tool_list(
79 | |     _auth: Authed,
80 | |     State(state): State<AppState>,
81 | |     headers: HeaderMap,
82 | |     axum::extract::Path(file_path): axum::extract::Path<String>,
83 | | ) -> Result<Json<serde_json::Value>, ApiError> {
   | |______________________________________________^
   |
   = help: for further information visit https://rust-lang.github.io/rust-clippy/rust-1.97.0/index.html#missing_errors_doc

warning: docs for function returning `Result` missing `# Errors` section
   --> runtime/src/files/tools.rs:102:1
    |
102 | / pub async fn tool_list_root(
103 | |     _auth: Authed,
104 | |     State(state): State<AppState>,
105 | |     headers: HeaderMap,
106 | | ) -> Result<Json<serde_json::Value>, ApiError> {
    | |______________________________________________^
    |
    = help: for further information visit https://rust-lang.github.io/rust-clippy/rust-1.97.0/index.html#missing_errors_doc

warning: this `continue` expression is redundant
   --> runtime/src/files/tools.rs:141:23
    |
141 |             Err(_) => continue,
    |                       ^^^^^^^^
    |
    = help: consider dropping the `continue` expression
    = help: for further information visit https://rust-lang.github.io/rust-clippy/rust-1.97.0/index.html#needless_continue
    = note: `-W clippy::needless-continue` implied by `-W clippy::pedantic`
    = help: to override `-W clippy::pedantic` add `#[allow(clippy::needless_continue)]`

warning: docs for function returning `Result` missing `# Errors` section
   --> runtime/src/files/tools.rs:163:1
    |
163 | / pub async fn tool_exists(
164 | |     _auth: Authed,
165 | |     State(state): State<AppState>,
166 | |     headers: HeaderMap,
167 | |     axum::extract::Path(file_path): axum::extract::Path<String>,
168 | | ) -> Result<Json<serde_json::Value>, ApiError> {
    | |______________________________________________^
    |
    = help: for further information visit https://rust-lang.github.io/rust-clippy/rust-1.97.0/index.html#missing_errors_doc

warning: these match arms have identical bodies
  --> runtime/src/safe_path.rs:69:13
   |
69 |             Component::CurDir => {}
   |             ^^^^^^^^^^^^^^^^^^^^^^^
...
73 |             Component::Prefix(_) => {}
   |             ^^^^^^^^^^^^^^^^^^^^^^^^^^
   |
   = help: if this is unintentional make the arms return different values
   = help: for further information visit https://rust-lang.github.io/rust-clippy/rust-1.97.0/index.html#match_same_arms
   = note: `-W clippy::match-same-arms` implied by `-W clippy::pedantic`
   = help: to override `-W clippy::pedantic` add `#[allow(clippy::match_same_arms)]`
help: otherwise merge the patterns into a single arm
   |
69 ~             Component::CurDir | Component::Prefix(_) => {}
70 |             Component::ParentDir => {
71 |                 result.pop();
72 |             }
73 ~             Component::Normal(name) => {
   |

warning: docs for function returning `Result` missing `# Errors` section
   --> runtime/src/safe_path.rs:120:1
    |
120 | pub fn safe_path(rel: &str, base: &Path) -> Result<PathBuf, ApiError> {
    | ^^^^^^^^^^^^^^^^^^^^^^^^^^^^^^^^^^^^^^^^^^^^^^^^^^^^^^^^^^^^^^^^^^^^^
    |
    = help: for further information visit https://rust-lang.github.io/rust-clippy/rust-1.97.0/index.html#missing_errors_doc

warning: docs for function returning `Result` missing `# Errors` section
   --> runtime/src/safe_path.rs:141:1
    |
141 | pub fn request_base(workdir: &Path, subdir: Option<&str>) -> Result<PathBuf, ApiError> {
    | ^^^^^^^^^^^^^^^^^^^^^^^^^^^^^^^^^^^^^^^^^^^^^^^^^^^^^^^^^^^^^^^^^^^^^^^^^^^^^^^^^^^^^^
    |
    = help: for further information visit https://rust-lang.github.io/rust-clippy/rust-1.97.0/index.html#missing_errors_doc

warning: docs for function returning `Result` missing `# Errors` section
   --> runtime/src/safe_path.rs:245:1
    |
245 | pub fn open_read(resolved: &Path, base: &Path) -> Result<File, ApiError> {
    | ^^^^^^^^^^^^^^^^^^^^^^^^^^^^^^^^^^^^^^^^^^^^^^^^^^^^^^^^^^^^^^^^^^^^^^^^
    |
    = help: for further information visit https://rust-lang.github.io/rust-clippy/rust-1.97.0/index.html#missing_errors_doc

warning: docs for function returning `Result` missing `# Errors` section
   --> runtime/src/safe_path.rs:255:1
    |
255 | / pub fn open_write(
256 | |     resolved: &Path,
257 | |     base: &Path,
258 | |     create: bool,
259 | |     truncate: bool,
260 | | ) -> Result<File, ApiError> {
    | |___________________________^
    |
    = help: for further information visit https://rust-lang.github.io/rust-clippy/rust-1.97.0/index.html#missing_errors_doc

warning: docs for function returning `Result` missing `# Errors` section
   --> runtime/src/snapshot.rs:108:1
    |
108 | pub async fn snapshot(_auth: Authed, State(state): State<AppState>) -> Result<Response, ApiError> {
    | ^^^^^^^^^^^^^^^^^^^^^^^^^^^^^^^^^^^^^^^^^^^^^^^^^^^^^^^^^^^^^^^^^^^^^^^^^^^^^^^^^^^^^^^^^^^^^^^^^
    |
    = help: for further information visit https://rust-lang.github.io/rust-clippy/rust-1.97.0/index.html#missing_errors_doc

warning: docs for function returning `Result` missing `# Errors` section
   --> runtime/src/snapshot.rs:252:1
    |
252 | / pub async fn restore(
253 | |     _auth: Authed,
254 | |     State(state): State<AppState>,
255 | |     body: Body,
256 | | ) -> Result<Json<RestoreResponse>, ApiError> {
    | |____________________________________________^
    |
    = help: for further information visit https://rust-lang.github.io/rust-clippy/rust-1.97.0/index.html#missing_errors_doc

warning: this could be rewritten as `let...else`
   --> runtime/src/snapshot.rs:312:9
    |
312 | /         let chunk = match frame.into_data() {
313 | |             Ok(b) => b,
314 | |             Err(_) => continue, // trailers frame — ignore
315 | |         };
    | |__________^ help: consider writing: `let Ok(chunk) = frame.into_data() else { continue };`
    |
    = help: for further information visit https://rust-lang.github.io/rust-clippy/rust-1.97.0/index.html#manual_let_else

warning: casting `u32` to `i32` may wrap around the value
   --> runtime/src/terminals.rs:113:38
    |
113 |         let _ = killpg(Pid::from_raw(self.pid as i32), Signal::SIGKILL);
    |                                      ^^^^^^^^^^^^^^^ help: if this is intentional, use `cast_signed()` instead: `self.pid.cast_signed()`
    |
    = help: for further information visit https://rust-lang.github.io/rust-clippy/rust-1.97.0/index.html#cast_possible_wrap

warning: casting `u32` to `i32` may wrap around the value
   --> runtime/src/terminals.rs:156:34
    |
156 |     let _ = killpg(Pid::from_raw(pid as i32), Signal::SIGKILL);
    |                                  ^^^^^^^^^^ help: if this is intentional, use `cast_signed()` instead: `pid.cast_signed()`
    |
    = help: for further information visit https://rust-lang.github.io/rust-clippy/rust-1.97.0/index.html#cast_possible_wrap

warning: docs for function returning `Result` missing `# Errors` section
   --> runtime/src/terminals.rs:185:1
    |
185 | / pub async fn create_terminal(
186 | |     _auth: Authed,
187 | |     State(state): State<AppState>,
188 | |     headers: HeaderMap,
189 | | ) -> Result<Json<CreateResponse>, ApiError> {
    | |___________________________________________^
    |
    = help: for further information visit https://rust-lang.github.io/rust-clippy/rust-1.97.0/index.html#missing_errors_doc

warning: casting `usize` to `u32` may truncate the value on targets with 64-bit wide pointers
   --> runtime/src/terminals.rs:218:12
    |
218 |         if (map.len() as u32) >= cap {
    |            ^^^^^^^^^^^^^^^^^^
    |
    = help: if this is intentional allow the lint with `#[allow(clippy::cast_possible_truncation)]` ...
    = help: for further information visit https://rust-lang.github.io/rust-clippy/rust-1.97.0/index.html#cast_possible_truncation
    = note: `-W clippy::cast-possible-truncation` implied by `-W clippy::pedantic`
    = help: to override `-W clippy::pedantic` add `#[allow(clippy::cast_possible_truncation)]`
help: ... or use `try_from` and handle the error accordingly
    |
218 -         if (map.len() as u32) >= cap {
218 +         if u32::try_from(map.len()) >= cap {
    |

warning: docs for function returning `Result` missing `# Errors` section
   --> runtime/src/terminals.rs:301:1
    |
301 | / pub async fn list_terminals(
302 | |     _auth: Authed,
303 | |     State(state): State<AppState>,
304 | | ) -> Result<Json<Vec<TermInfo>>, ApiError> {
    | |__________________________________________^
    |
    = help: for further information visit https://rust-lang.github.io/rust-clippy/rust-1.97.0/index.html#missing_errors_doc

warning: this could be rewritten as `let...else`
   --> runtime/src/terminals.rs:442:5
    |
442 | /     let (writer, reader) = if let Some(p) = pair { p } else {
443 | |         close_unknown(&mut socket).await;
444 | |         return;
445 | |     };
    | |______^
    |
    = help: for further information visit https://rust-lang.github.io/rust-clippy/rust-1.97.0/index.html#manual_let_else
help: consider writing
    |
442 ~     let Some((writer, reader)) = pair else {
443 +         close_unknown(&mut socket).await;
444 +         return;
445 +     };
    |

warning: casting `u64` to `u16` may truncate the value
   --> runtime/src/terminals.rs:556:20
    |
556 |           let rows = payload
    |  ____________________^
557 | |             .get("rows")
558 | |             .and_then(serde_json::Value::as_u64)
559 | |             .unwrap_or(24)
560 | |             .clamp(1, u64::from(u16::MAX)) as u16;
    | |_________________________________________________^
    |
    = help: if this is intentional allow the lint with `#[allow(clippy::cast_possible_truncation)]` ...
    = help: for further information visit https://rust-lang.github.io/rust-clippy/rust-1.97.0/index.html#cast_possible_truncation
help: ... or use `try_from` and handle the error accordingly
    |
556 ~         let rows = u16::try_from(payload
557 +             .get("rows")
558 +             .and_then(serde_json::Value::as_u64)
559 +             .unwrap_or(24)
560 ~             .clamp(1, u64::from(u16::MAX)));
    |

warning: casting `u64` to `u16` may truncate the value
   --> runtime/src/terminals.rs:561:20
    |
561 |           let cols = payload
    |  ____________________^
562 | |             .get("cols")
563 | |             .and_then(serde_json::Value::as_u64)
564 | |             .unwrap_or(80)
565 | |             .clamp(1, u64::from(u16::MAX)) as u16;
    | |_________________________________________________^
    |
    = help: if this is intentional allow the lint with `#[allow(clippy::cast_possible_truncation)]` ...
    = help: for further information visit https://rust-lang.github.io/rust-clippy/rust-1.97.0/index.html#cast_possible_truncation
help: ... or use `try_from` and handle the error accordingly
    |
561 ~         let cols = u16::try_from(payload
562 +             .get("cols")
563 +             .and_then(serde_json::Value::as_u64)
564 +             .unwrap_or(80)
565 ~             .clamp(1, u64::from(u16::MAX)));
    |

warning: casting `u128` to `u64` may truncate the value
   --> runtime/src/terminals.rs:609:24
    |
609 |         .map_or(0, |d| d.as_nanos() as u64);
    |                        ^^^^^^^^^^^^^^^^^^^
    |
    = help: if this is intentional allow the lint with `#[allow(clippy::cast_possible_truncation)]` ...
    = help: for further information visit https://rust-lang.github.io/rust-clippy/rust-1.97.0/index.html#cast_possible_truncation
help: ... or use `try_from` and handle the error accordingly
    |
609 -         .map_or(0, |d| d.as_nanos() as u64);
609 +         .map_or(0, |d| u64::try_from(d.as_nanos()));
    |

warning: casting `u64` to `i64` may wrap around the value
   --> runtime/src/terminals.rs:621:16
    |
621 |     let secs = dur.as_secs() as i64;
    |                ^^^^^^^^^^^^^^^^^^^^ help: if this is intentional, use `cast_signed()` instead: `dur.as_secs().cast_signed()`
    |
    = help: for further information visit https://rust-lang.github.io/rust-clippy/rust-1.97.0/index.html#cast_possible_wrap

warning: casting `i64` to `u32` may truncate the value
   --> runtime/src/terminals.rs:644:38
    |
644 |     (if m <= 2 { y + 1 } else { y }, m as u32, d as u32)
    |                                      ^^^^^^^^
    |
    = help: if this is intentional allow the lint with `#[allow(clippy::cast_possible_truncation)]` ...
    = help: for further information visit https://rust-lang.github.io/rust-clippy/rust-1.97.0/index.html#cast_possible_truncation
help: ... or use `try_from` and handle the error accordingly
    |
644 -     (if m <= 2 { y + 1 } else { y }, m as u32, d as u32)
644 +     (if m <= 2 { y + 1 } else { y }, u32::try_from(m), d as u32)
    |

warning: casting `i64` to `u32` may lose the sign of the value
   --> runtime/src/terminals.rs:644:38
    |
644 |     (if m <= 2 { y + 1 } else { y }, m as u32, d as u32)
    |                                      ^^^^^^^^
    |
    = help: for further information visit https://rust-lang.github.io/rust-clippy/rust-1.97.0/index.html#cast_sign_loss
    = note: `-W clippy::cast-sign-loss` implied by `-W clippy::pedantic`
    = help: to override `-W clippy::pedantic` add `#[allow(clippy::cast_sign_loss)]`

warning: casting `i64` to `u32` may truncate the value
   --> runtime/src/terminals.rs:644:48
    |
644 |     (if m <= 2 { y + 1 } else { y }, m as u32, d as u32)
    |                                                ^^^^^^^^
    |
    = help: if this is intentional allow the lint with `#[allow(clippy::cast_possible_truncation)]` ...
    = help: for further information visit https://rust-lang.github.io/rust-clippy/rust-1.97.0/index.html#cast_possible_truncation
help: ... or use `try_from` and handle the error accordingly
    |
644 -     (if m <= 2 { y + 1 } else { y }, m as u32, d as u32)
644 +     (if m <= 2 { y + 1 } else { y }, m as u32, u32::try_from(d))
    |

warning: casting `i64` to `u32` may lose the sign of the value
   --> runtime/src/terminals.rs:644:48
    |
644 |     (if m <= 2 { y + 1 } else { y }, m as u32, d as u32)
    |                                                ^^^^^^^^
    |
    = help: for further information visit https://rust-lang.github.io/rust-clippy/rust-1.97.0/index.html#cast_sign_loss

warning: unused `async` for function with no await statements
   --> runtime/src/files/tools.rs:110:1
    |
110 | / async fn list_impl(
111 | |     state: &AppState,
112 | |     headers: &HeaderMap,
113 | |     file_path: &str,
...   |
146 | |     ))
147 | | }
    | |_^
    |
    = help: consider removing the `async` from this function
    = help: for further information visit https://rust-lang.github.io/rust-clippy/rust-1.97.0/index.html#unused_async
    = note: `-W clippy::unused-async` implied by `-W clippy::pedantic`
    = help: to override `-W clippy::pedantic` add `#[allow(clippy::unused_async)]`

warning: `runtime` (lib) generated 52 warnings
    Checking broker v0.1.0 (/tmp/pi-agent-aa9c0659-5395-42e-dfc85209/rust/broker)
       Fixed runtime/src/snapshot.rs (4 fixes)
warning: `runtime` (lib test) generated 52 warnings (52 duplicates)
       Fixed shared/tests/telemetry_span_emission.rs (3 fixes)
       Fixed shared/tests/telemetry_noop.rs (1 fix)
       Fixed broker/src/runtime_key.rs (2 fixes)
       Fixed broker/src/api.rs (4 fixes)
       Fixed broker/src/auth.rs (1 fix)
       Fixed broker/src/error.rs (1 fix)
       Fixed broker/src/lib.rs (1 fix)
       Fixed broker/src/leaser.rs (2 fixes)
       Fixed broker/src/s3.rs (4 fixes)
       Fixed broker/src/config.rs (3 fixes)
       Fixed broker/src/terminal.rs (1 fix)
       Fixed broker/src/resolve.rs (1 fix)
       Fixed broker/src/reaper.rs (2 fixes)
       Fixed broker/src/rate_limit.rs (2 fixes)
       Fixed broker/src/openapi.rs (3 fixes)
       Fixed broker/src/proxy.rs (5 fixes)
warning: binding's name is too similar to existing binding
   --> broker/src/terminal.rs:218:27
    |
218 |     let (mut up_sink, mut up_stream) = upstream.split();
    |                           ^^^^^^^^^
    |
note: existing binding defined here
   --> broker/src/terminal.rs:203:9
    |
203 |     let upstream = match tokio_tungstenite::connect_async(&upstream_url).await {
    |         ^^^^^^^^
    = help: for further information visit https://rust-lang.github.io/rust-clippy/rust-1.97.0/index.html#similar_names
    = note: `-W clippy::similar-names` implied by `-W clippy::pedantic`
    = help: to override `-W clippy::pedantic` add `#[allow(clippy::similar_names)]`

warning: casting `u64` to `i64` may wrap around the value
   --> broker/src/api.rs:121:24
    |
121 |         .map_or(0, |d| d.as_secs() as i64)
    |                        ^^^^^^^^^^^^^^^^^^ help: if this is intentional, use `cast_signed()` instead: `d.as_secs().cast_signed()`
    |
    = help: for further information visit https://rust-lang.github.io/rust-clippy/rust-1.97.0/index.html#cast_possible_wrap
    = note: `-W clippy::cast-possible-wrap` implied by `-W clippy::pedantic`
    = help: to override `-W clippy::pedantic` add `#[allow(clippy::cast_possible_wrap)]`

warning: docs for function returning `Result` missing `# Errors` section
   --> broker/src/api.rs:160:1
    |
160 | pub async fn readyz(State(state): State<AppState>) -> Result<Json<HealthResponse>, ApiError> {
    | ^^^^^^^^^^^^^^^^^^^^^^^^^^^^^^^^^^^^^^^^^^^^^^^^^^^^^^^^^^^^^^^^^^^^^^^^^^^^^^^^^^^^^^^^^^^^
    |
    = help: for further information visit https://rust-lang.github.io/rust-clippy/rust-1.97.0/index.html#missing_errors_doc
    = note: `-W clippy::missing-errors-doc` implied by `-W clippy::pedantic`
    = help: to override `-W clippy::pedantic` add `#[allow(clippy::missing_errors_doc)]`

warning: docs for function which may panic missing `# Panics` section
   --> broker/src/api.rs:203:1
    |
203 | pub async fn openapi_json() -> Json<serde_json::Value> {
    | ^^^^^^^^^^^^^^^^^^^^^^^^^^^^^^^^^^^^^^^^^^^^^^^^^^^^^^
    |
note: first possible panic found here
   --> broker/src/api.rs:208:17
    |
208 |     let value = serde_json::to_value(&doc).expect("OpenApi document serializes to JSON");
    |                 ^^^^^^^^^^^^^^^^^^^^^^^^^^^^^^^^^^^^^^^^^^^^^^^^^^^^^^^^^^^^^^^^^^^^^^^^
    = help: for further information visit https://rust-lang.github.io/rust-clippy/rust-1.97.0/index.html#missing_panics_doc
    = note: `-W clippy::missing-panics-doc` implied by `-W clippy::pedantic`
    = help: to override `-W clippy::pedantic` add `#[allow(clippy::missing_panics_doc)]`

warning: docs for function returning `Result` missing `# Errors` section
   --> broker/src/api.rs:293:1
    |
293 | / pub async fn create_sandbox(
294 | |     _: Authed,
295 | |     State(state): State<AppState>,
296 | |     Json(req): Json<CreateSandboxRequest>,
297 | | ) -> Result<(StatusCode, Json<Sandbox>), ApiError> {
    | |__________________________________________________^
    |
    = help: for further information visit https://rust-lang.github.io/rust-clippy/rust-1.97.0/index.html#missing_errors_doc

warning: docs for function returning `Result` missing `# Errors` section
   --> broker/src/api.rs:354:1
    |
354 | / pub async fn list_sandboxes(
355 | |     _: Authed,
356 | |     State(state): State<AppState>,
357 | |     Query(q): Query<ListQuery>,
358 | | ) -> Result<Json<Vec<Sandbox>>, ApiError> {
    | |_________________________________________^
    |
    = help: for further information visit https://rust-lang.github.io/rust-clippy/rust-1.97.0/index.html#missing_errors_doc

warning: docs for function returning `Result` missing `# Errors` section
   --> broker/src/api.rs:382:1
    |
382 | / pub async fn get_sandbox(
383 | |     _: Authed,
384 | |     State(state): State<AppState>,
385 | |     Path(name): Path<String>,
386 | | ) -> Result<Json<Sandbox>, ApiError> {
    | |____________________________________^
    |
    = help: for further information visit https://rust-lang.github.io/rust-clippy/rust-1.97.0/index.html#missing_errors_doc

warning: docs for function returning `Result` missing `# Errors` section
   --> broker/src/api.rs:411:1
    |
411 | / pub async fn delete_sandbox(
412 | |     _: Authed,
413 | |     State(state): State<AppState>,
414 | |     Path(name): Path<String>,
415 | | ) -> Result<StatusCode, ApiError> {
    | |_________________________________^
    |
    = help: for further information visit https://rust-lang.github.io/rust-clippy/rust-1.97.0/index.html#missing_errors_doc

warning: docs for function returning `Result` missing `# Errors` section
  --> broker/src/client.rs:30:1
   |
30 | pub async fn build_client() -> Result<kube::Client, ClientBuildError> {
   | ^^^^^^^^^^^^^^^^^^^^^^^^^^^^^^^^^^^^^^^^^^^^^^^^^^^^^^^^^^^^^^^^^^^^^
   |
   = help: for further information visit https://rust-lang.github.io/rust-clippy/rust-1.97.0/index.html#missing_errors_doc

warning: casting `u64` to `i32` may truncate the value
   --> broker/src/leaser.rs:111:31
    |
111 |             duration_seconds: cfg.leader_duration_seconds.max(1).min(i32::MAX as u64) as i32,
    |                               ^^^^^^^^^^^^^^^^^^^^^^^^^^^^^^^^^^^^^^^^^^^^^^^^^^^^^^^^^^^^^^
    |
    = help: if this is intentional allow the lint with `#[allow(clippy::cast_possible_truncation)]` ...
    = help: for further information visit https://rust-lang.github.io/rust-clippy/rust-1.97.0/index.html#cast_possible_truncation
    = note: `-W clippy::cast-possible-truncation` implied by `-W clippy::pedantic`
    = help: to override `-W clippy::pedantic` add `#[allow(clippy::cast_possible_truncation)]`
help: ... or use `try_from` and handle the error accordingly
    |
111 -             duration_seconds: cfg.leader_duration_seconds.max(1).min(i32::MAX as u64) as i32,
111 +             duration_seconds: i32::try_from(cfg.leader_duration_seconds.max(1).min(i32::MAX as u64)),
    |

warning: docs for function which may panic missing `# Panics` section
   --> broker/src/leaser.rs:231:5
    |
231 |     pub fn holder(&self) -> Option<String> {
    |     ^^^^^^^^^^^^^^^^^^^^^^^^^^^^^^^^^^^^^^
    |
note: first possible panic found here
   --> broker/src/leaser.rs:232:9
    |
232 | /         self.0
233 | |             .lock()
234 | |             .expect("lease lock")
    | |_________________________________^
    = help: for further information visit https://rust-lang.github.io/rust-clippy/rust-1.97.0/index.html#missing_panics_doc

warning: docs for function returning `Result` missing `# Errors` section
  --> broker/src/proxy.rs:82:1
   |
82 | / pub fn forward_identity(
83 | |     headers: &HeaderMap,
84 | |     default_profile: Profile,
85 | | ) -> Result<ForwardIdentity, ApiError> {
   | |______________________________________^
   |
   = help: for further information visit https://rust-lang.github.io/rust-clippy/rust-1.97.0/index.html#missing_errors_doc

warning: docs for function which may panic missing `# Panics` section
   --> broker/src/proxy.rs:127:1
    |
127 | / pub fn build_forward_headers(
128 | |     inbound: &HeaderMap,
129 | |     resolved: &ResolvedSandbox,
130 | |     runtime_ns: &str,
131 | |     session_id: &str,
132 | |     runtime_api_key: &str,
133 | | ) -> HeaderMap {
    | |______________^
    |
note: first possible panic found here
   --> broker/src/proxy.rs:150:13
    |
150 | /             HeaderValue::from_str(&format!("Bearer {runtime_api_key}"))
151 | |                 .expect("runtime api key is a valid header value"),
    | |__________________________________________________________________^
    = help: for further information visit https://rust-lang.github.io/rust-clippy/rust-1.97.0/index.html#missing_panics_doc

warning: docs for function returning `Result` missing `# Errors` section
   --> broker/src/proxy.rs:211:1
    |
211 | / pub async fn proxy_catch_all(
212 | |     _: Authed,
213 | |     State(state): State<AppState>,
214 | |     req: Request<Body>,
215 | | ) -> Result<Response, ApiError> {
    | |_______________________________^
    |
    = help: for further information visit https://rust-lang.github.io/rust-clippy/rust-1.97.0/index.html#missing_errors_doc

warning: these match arms have identical bodies
   --> broker/src/reaper.rs:98:9
    |
 98 |         Profile::Persistent => ReaperAction::Skip,
    |         ^^^^^^^^^^^^^^^^^^^^^^^^^^^^^^^^^^^^^^^^^
...
101 |         Profile::Ephemeral => ReaperAction::Skip,
    |         ^^^^^^^^^^^^^^^^^^^^^^^^^^^^^^^^^^^^^^^^
    |
    = help: if this is unintentional make the arms return different values
    = help: for further information visit https://rust-lang.github.io/rust-clippy/rust-1.97.0/index.html#match_same_arms
    = note: `-W clippy::match-same-arms` implied by `-W clippy::pedantic`
    = help: to override `-W clippy::pedantic` add `#[allow(clippy::match_same_arms)]`
help: otherwise merge the patterns into a single arm
    |
 98 ~         // ephemeral (emptyDir) — reap at IDLE_TTL (return capacity to pool).
 99 |         Profile::Ephemeral if idle_secs > cfg.idle_ttl_seconds => ReaperAction::Reap,
100 ~         Profile::Persistent | Profile::Ephemeral => ReaperAction::Skip,
    |

warning: casting `u64` to `i64` may wrap around the value
   --> broker/src/reaper.rs:130:24
    |
130 |         .map_or(0, |d| d.as_secs() as i64)
    |                        ^^^^^^^^^^^^^^^^^^ help: if this is intentional, use `cast_signed()` instead: `d.as_secs().cast_signed()`
    |
    = help: for further information visit https://rust-lang.github.io/rust-clippy/rust-1.97.0/index.html#cast_possible_wrap

warning: casting `i64` to `u64` may lose the sign of the value
   --> broker/src/reaper.rs:201:20
    |
201 |         let idle = (now - lu).max(0) as u64;
    |                    ^^^^^^^^^^^^^^^^^^^^^^^^ help: if this is intentional, use `cast_unsigned()` instead: `(now - lu).max(0).cast_unsigned()`
    |
    = help: for further information visit https://rust-lang.github.io/rust-clippy/rust-1.97.0/index.html#cast_sign_loss
    = note: `-W clippy::cast-sign-loss` implied by `-W clippy::pedantic`
    = help: to override `-W clippy::pedantic` add `#[allow(clippy::cast_sign_loss)]`

warning: casting `u64` to `f64` may cause a loss of precision (`u64` is 64 bits wide, but `f64`'s mantissa is only 52 bits wide)
   --> broker/src/reaper.rs:303:51
    |
303 |             metrics::gauge!(ACTIVE_SANDBOXES).set(stats.scanned as f64);
    |                                                   ^^^^^^^^^^^^^^^^^^^^
    |
    = help: for further information visit https://rust-lang.github.io/rust-clippy/rust-1.97.0/index.html#cast_precision_loss
    = note: `-W clippy::cast-precision-loss` implied by `-W clippy::pedantic`
    = help: to override `-W clippy::pedantic` add `#[allow(clippy::cast_precision_loss)]`

warning: use of `format!` to build up a string from an iterator
  --> broker/src/resolve.rs:76:5
   |
76 |     out.iter().take(6).map(|b| format!("{b:02x}")).collect()
   |     ^^^^^^^^^^^^^^^^^^^^^^^^^^^^^^^^^^^^^^^^^^^^^^^^^^^^^^^^
   |
help: call `fold` instead
  --> broker/src/resolve.rs:76:24
   |
76 |     out.iter().take(6).map(|b| format!("{b:02x}")).collect()
   |                        ^^^
help: ... and use the `write!` macro here
  --> broker/src/resolve.rs:76:32
   |
76 |     out.iter().take(6).map(|b| format!("{b:02x}")).collect()
   |                                ^^^^^^^^^^^^^^^^^^
   = note: this can be written more efficiently by appending to a `String` directly
   = help: for further information visit https://rust-lang.github.io/rust-clippy/rust-1.97.0/index.html#format_collect
   = note: `-W clippy::format-collect` implied by `-W clippy::pedantic`
   = help: to override `-W clippy::pedantic` add `#[allow(clippy::format_collect)]`

warning: casting `u64` to `i64` may wrap around the value
   --> broker/src/resolve.rs:102:24
    |
102 |         .map_or(0, |d| d.as_secs() as i64)
    |                        ^^^^^^^^^^^^^^^^^^ help: if this is intentional, use `cast_signed()` instead: `d.as_secs().cast_signed()`
    |
    = help: for further information visit https://rust-lang.github.io/rust-clippy/rust-1.97.0/index.html#cast_possible_wrap

warning: docs for function returning `Result` missing `# Errors` section
   --> broker/src/resolve.rs:117:1
    |
117 | / pub async fn resolve_sandbox(
118 | |     state: &AppState,
119 | |     user_id: &str,
120 | |     session_id: &str,
121 | |     profile: Profile,
122 | | ) -> Result<ResolvedSandbox, ApiError> {
    | |______________________________________^
    |
    = help: for further information visit https://rust-lang.github.io/rust-clippy/rust-1.97.0/index.html#missing_errors_doc

warning: `format!(..)` appended to existing `String`
  --> broker/src/runtime_key.rs:45:9
   |
45 |         out.push_str(&format!("{b:02x}"));
   |         ^^^^^^^^^^^^^^^^^^^^^^^^^^^^^^^^^
   |
   = note: you may need to import the `std::fmt::Write` trait
   = help: for further information visit https://rust-lang.github.io/rust-clippy/rust-1.97.0/index.html#format_push_string
   = note: `-W clippy::format-push-string` implied by `-W clippy::pedantic`
   = help: to override `-W clippy::pedantic` add `#[allow(clippy::format_push_string)]`
help: consider using `write!` to avoid the extra allocation
   |
45 -         out.push_str(&format!("{b:02x}"));
45 +         let _ = write!(out, "{b:02x}");
   |

warning: docs for function which may panic missing `# Panics` section
   --> broker/src/s3.rs:306:9
    |
306 |         pub fn seed(&self, key: &str, body: impl Into<Bytes>) {
    |         ^^^^^^^^^^^^^^^^^^^^^^^^^^^^^^^^^^^^^^^^^^^^^^^^^^^^^
    |
note: first possible panic found here
   --> broker/src/s3.rs:307:25
    |
307 |             let mut g = self.inner.lock().expect("in-memory cold store");
    |                         ^^^^^^^^^^^^^^^^^^^^^^^^^^^^^^^^^^^^^^^^^^^^^^^^
    = help: for further information visit https://rust-lang.github.io/rust-clippy/rust-1.97.0/index.html#missing_panics_doc

warning: docs for function which may panic missing `# Panics` section
   --> broker/src/s3.rs:313:9
    |
313 |         pub fn log(&self) -> Vec<String> {
    |         ^^^^^^^^^^^^^^^^^^^^^^^^^^^^^^^^
    |
note: first possible panic found here
   --> broker/src/s3.rs:314:13
    |
314 |             self.inner.lock().expect("in-memory cold store").log.clone()
    |             ^^^^^^^^^^^^^^^^^^^^^^^^^^^^^^^^^^^^^^^^^^^^^^^^
    = help: for further information visit https://rust-lang.github.io/rust-clippy/rust-1.97.0/index.html#missing_panics_doc

warning: docs for function which may panic missing `# Panics` section
   --> broker/src/s3.rs:319:9
    |
319 |         pub fn keys(&self) -> Vec<String> {
    |         ^^^^^^^^^^^^^^^^^^^^^^^^^^^^^^^^^
    |
note: first possible panic found here
   --> broker/src/s3.rs:320:13
    |
320 | /             self.inner
321 | |                 .lock()
322 | |                 .expect("in-memory cold store")
    | |_______________________________________________^
    = help: for further information visit https://rust-lang.github.io/rust-clippy/rust-1.97.0/index.html#missing_panics_doc

warning: docs for function returning `Result` missing `# Errors` section
   --> broker/src/s3.rs:565:5
    |
565 | /     pub async fn restore_on_resume(
566 | |         &self,
567 | |         name: &str,
568 | |         pod_ip: &str,
569 | |         user: &str,
570 | |         session: &str,
571 | |     ) -> Result<RestoreOutcome, RestoreError> {
    | |_____________________________________________^
    |
    = help: for further information visit https://rust-lang.github.io/rust-clippy/rust-1.97.0/index.html#missing_errors_doc

warning: casting `u64` to `i64` may wrap around the value
   --> broker/src/s3.rs:684:24
    |
684 |         .map_or(0, |d| d.as_secs() as i64)
    |                        ^^^^^^^^^^^^^^^^^^ help: if this is intentional, use `cast_signed()` instead: `d.as_secs().cast_signed()`
    |
    = help: for further information visit https://rust-lang.github.io/rust-clippy/rust-1.97.0/index.html#cast_possible_wrap

warning: docs for function returning `Result` missing `# Errors` section
  --> broker/src/sandbox.rs:41:1
   |
41 | pub fn extract_pod_template(template: &SandboxTemplate) -> Result<serde_json::Value, ApiError> {
   | ^^^^^^^^^^^^^^^^^^^^^^^^^^^^^^^^^^^^^^^^^^^^^^^^^^^^^^^^^^^^^^^^^^^^^^^^^^^^^^^^^^^^^^^^^^^^^^
   |
   = help: for further information visit https://rust-lang.github.io/rust-clippy/rust-1.97.0/index.html#missing_errors_doc

warning: missing `#[must_use]` attribute on a method returning `Self`
   --> broker/src/store.rs:340:9
    |
340 | /         pub fn with_template(self, template: SandboxTemplate) -> Self {
341 | |             self.insert_template(template);
342 | |             self
343 | |         }
    | |_________^
    |
    = help: consider adding the `#[must_use]` attribute to the method or directly to the `Self` type
    = help: for further information visit https://rust-lang.github.io/rust-clippy/rust-1.97.0/index.html#return_self_not_must_use
    = note: `-W clippy::return-self-not-must-use` implied by `-W clippy::pedantic`
    = help: to override `-W clippy::pedantic` add `#[allow(clippy::return_self_not_must_use)]`

warning: docs for function which may panic missing `# Panics` section
   --> broker/src/store.rs:346:9
    |
346 |         pub fn insert_template(&self, template: SandboxTemplate) {
    |         ^^^^^^^^^^^^^^^^^^^^^^^^^^^^^^^^^^^^^^^^^^^^^^^^^^^^^^^^
    |
note: first possible panic found here
   --> broker/src/store.rs:348:13
    |
348 | /             self.templates
349 | |                 .lock()
350 | |                 .expect("stub templates")
    | |_________________________________________^
    = help: for further information visit https://rust-lang.github.io/rust-clippy/rust-1.97.0/index.html#missing_panics_doc

warning: docs for function which may panic missing `# Panics` section
   --> broker/src/store.rs:357:9
    |
357 |         pub fn set_runtime_key(&self, sandbox_name: &str, key: &str) {
    |         ^^^^^^^^^^^^^^^^^^^^^^^^^^^^^^^^^^^^^^^^^^^^^^^^^^^^^^^^^^^^
    |
note: first possible panic found here
   --> broker/src/store.rs:358:13
    |
358 | /             self.runtime_keys
359 | |                 .lock()
360 | |                 .expect("stub runtime_keys")
    | |____________________________________________^
    = help: for further information visit https://rust-lang.github.io/rust-clippy/rust-1.97.0/index.html#missing_panics_doc

warning: docs for function which may panic missing `# Panics` section
   --> broker/src/store.rs:365:9
    |
365 |         pub fn insert_sandbox(&self, sandbox: Sandbox) {
    |         ^^^^^^^^^^^^^^^^^^^^^^^^^^^^^^^^^^^^^^^^^^^^^^
    |
note: first possible panic found here
   --> broker/src/store.rs:367:13
    |
367 | /             self.sandboxes
368 | |                 .lock()
369 | |                 .expect("stub sandboxes")
    | |_________________________________________^
    = help: for further information visit https://rust-lang.github.io/rust-clippy/rust-1.97.0/index.html#missing_panics_doc

warning: docs for function which may panic missing `# Panics` section
   --> broker/src/store.rs:383:9
    |
383 |         pub fn set_auto_ready_on_create(&self, pod_ip: Option<String>) {
    |         ^^^^^^^^^^^^^^^^^^^^^^^^^^^^^^^^^^^^^^^^^^^^^^^^^^^^^^^^^^^^^^
    |
note: first possible panic found here
   --> broker/src/store.rs:384:14
    |
384 |             *self.auto_ready_on_create.lock().expect("stub auto_ready") = pod_ip;
    |              ^^^^^^^^^^^^^^^^^^^^^^^^^^^^^^^^^^^^^^^^^^^^^^^^^^^^^^^^^^
    = help: for further information visit https://rust-lang.github.io/rust-clippy/rust-1.97.0/index.html#missing_panics_doc

warning: docs for function which may panic missing `# Panics` section
   --> broker/src/store.rs:389:9
    |
389 |         pub fn mark_ready(&self, name: &str, pod_ip: &str) -> bool {
    |         ^^^^^^^^^^^^^^^^^^^^^^^^^^^^^^^^^^^^^^^^^^^^^^^^^^^^^^^^^^
    |
note: first possible panic found here
   --> broker/src/store.rs:390:27
    |
390 |             let mut map = self.sandboxes.lock().expect("stub sandboxes");
    |                           ^^^^^^^^^^^^^^^^^^^^^^^^^^^^^^^^^^^^^^^^^^^^^^
    = help: for further information visit https://rust-lang.github.io/rust-clippy/rust-1.97.0/index.html#missing_panics_doc

warning: docs for function which may panic missing `# Panics` section
   --> broker/src/store.rs:401:9
    |
401 |         pub fn snapshot(&self) -> HashMap<String, Sandbox> {
    |         ^^^^^^^^^^^^^^^^^^^^^^^^^^^^^^^^^^^^^^^^^^^^^^^^^^
    |
note: first possible panic found here
   --> broker/src/store.rs:402:13
    |
402 |             self.sandboxes.lock().expect("stub sandboxes").clone()
    |             ^^^^^^^^^^^^^^^^^^^^^^^^^^^^^^^^^^^^^^^^^^^^^^
    = help: for further information visit https://rust-lang.github.io/rust-clippy/rust-1.97.0/index.html#missing_panics_doc

warning: docs for function returning `Result` missing `# Errors` section
  --> broker/src/terminal.rs:70:1
   |
70 | / pub fn terminal_identity(
71 | |     query: &TerminalWsQuery,
72 | |     headers: &HeaderMap,
73 | |     path_session_id: &str,
74 | |     default_profile: Profile,
75 | | ) -> Result<TerminalIdentity, ApiError> {
   | |_______________________________________^
   |
   = help: for further information visit https://rust-lang.github.io/rust-clippy/rust-1.97.0/index.html#missing_errors_doc

warning: docs for function returning `Result` missing `# Errors` section
   --> broker/src/terminal.rs:121:1
    |
121 | / pub async fn terminal_ws(
122 | |     ws: WebSocketUpgrade,
123 | |     State(state): State<AppState>,
124 | |     Path(session_id): Path<String>,
125 | |     Query(query): Query<TerminalWsQuery>,
126 | |     headers: HeaderMap,
127 | | ) -> Result<Response, ApiError> {
    | |_______________________________^
    |
    = help: for further information visit https://rust-lang.github.io/rust-clippy/rust-1.97.0/index.html#missing_errors_doc

warning: this function has too many lines (111/100)
   --> broker/src/terminal.rs:134:1
    |
134 | async fn relay(socket: WebSocket, state: AppState, identity: TerminalIdentity, session_id: String) {
    | ^^^^^^^^^^^^^^^^^^^^^^^^^^^^^^^^^^^^^^^^^^^^^^^^^^^^^^^^^^^^^^^^^^^^^^^^^^^^^^^^^^^^^^^^^^^^^^^^^^
    |
    = help: for further information visit https://rust-lang.github.io/rust-clippy/rust-1.97.0/index.html#too_many_lines
    = note: `-W clippy::too-many-lines` implied by `-W clippy::pedantic`
    = help: to override `-W clippy::pedantic` add `#[allow(clippy::too_many_lines)]`

warning: unused `async` for function with no await statements
   --> broker/src/proxy.rs:288:1
    |
288 | / async fn forward_response(upstream: reqwest::Response) -> Result<Response, ApiError> {
289 | |     let status = upstream.status();
290 | |     let upstream_headers = upstream.headers().clone();
...   |
321 | |         .map_err(|e| ApiError::Internal(format!("could not build proxy response: {e}")))
322 | | }
    | |_^
    |
    = help: consider removing the `async` from this function
    = help: for further information visit https://rust-lang.github.io/rust-clippy/rust-1.97.0/index.html#unused_async
    = note: `-W clippy::unused-async` implied by `-W clippy::pedantic`
    = help: to override `-W clippy::pedantic` add `#[allow(clippy::unused_async)]`

warning: `broker` (lib) generated 39 warnings
       Fixed runtime/tests/terminals_contract.rs (3 fixes)
warning: `format!(..)` appended to existing `String`
  --> runtime/tests/terminals_contract.rs:87:9
   |
87 |         req.push_str(&format!("{k}: {v}\r\n"));
   |         ^^^^^^^^^^^^^^^^^^^^^^^^^^^^^^^^^^^^^^
   |
   = note: you may need to import the `std::fmt::Write` trait
   = help: for further information visit https://rust-lang.github.io/rust-clippy/rust-1.97.0/index.html#format_push_string
   = note: `-W clippy::format-push-string` implied by `-W clippy::pedantic`
   = help: to override `-W clippy::pedantic` add `#[allow(clippy::format_push_string)]`
help: consider using `write!` to avoid the extra allocation
   |
87 -         req.push_str(&format!("{k}: {v}\r\n"));
87 +         let _ = write!(req, "{k}: {v}\r\n");
   |

warning: `format!(..)` appended to existing `String`
  --> runtime/tests/terminals_contract.rs:90:9
   |
90 | /         req.push_str(&format!(
91 | |             "Content-Type: application/json\r\nContent-Length: {}\r\n",
92 | |             body_bytes.len()
93 | |         ));
   | |__________^
   |
   = note: you may need to import the `std::fmt::Write` trait
   = help: for further information visit https://rust-lang.github.io/rust-clippy/rust-1.97.0/index.html#format_push_string
help: consider using `write!` to avoid the extra allocation
   |
90 ~         let _ = write!(req, "Content-Type: application/json\r\nContent-Length: {}\r\n",
91 ~             body_bytes.len());
   |

warning: `runtime` (test "terminals_contract") generated 2 warnings
       Fixed runtime/tests/upload_archive_contract.rs (1 fix)
warning: unnecessary `Debug` formatting in `assert!` args
  --> runtime/tests/safe_path_contract.rs:36:33
   |
36 |         "{rel:?} escaped base: {full:?}"
   |                                 ^^^^
   |
   = help: use `Display` formatting and change this to `full.display()`
   = note: switching to `Display` formatting will change how the value is shown; escaped characters will no longer be escaped and surrounding quotes will be removed
   = help: for further information visit https://rust-lang.github.io/rust-clippy/rust-1.97.0/index.html#unnecessary_debug_formatting
   = note: `-W clippy::unnecessary-debug-formatting` implied by `-W clippy::pedantic`
   = help: to override `-W clippy::pedantic` add `#[allow(clippy::unnecessary_debug_formatting)]`

warning: `runtime` (test "safe_path_contract") generated 1 warning
warning: `broker` (lib test) generated 39 warnings (39 duplicates)
       Fixed broker/src/main.rs (2 fixes)
warning: unused `async` for function with no await statements
   --> broker/tests/proxy_resolve.rs:179:1
    |
179 | / async fn proxy_env(upstream: &str, store: Arc<StubSandboxStore>) -> AppState {
180 | |     store.set_auto_ready_on_create(Some("10.0.0.7".into()));
181 | |     let cfg = BrokerConfig {
182 | |         shared_secret: STRONG_SECRET.into(),
...   |
191 | |     state.with_runtime_upstream_override(upstream.to_string())
192 | | }
    | |_^
    |
    = help: consider removing the `async` from this function
    = help: for further information visit https://rust-lang.github.io/rust-clippy/rust-1.97.0/index.html#unused_async
    = note: `-W clippy::unused-async` implied by `-W clippy::pedantic`
    = help: to override `-W clippy::pedantic` add `#[allow(clippy::unused_async)]`

warning: `broker` (test "proxy_resolve") generated 1 warning
       Fixed broker/tests/openapi_snapshot.rs (1 fix)
    Finished `dev` profile [unoptimized + debuginfo] target(s) in 34.19s
